[laread.evmet.net/html/live-preview/large-image-v1-1.html]
[laread.evmet.net/html/live-preview/assets/img/favicon.ico]
[backblue.gif]
[fade.gif]
[index.html]
[laread.evmet.net/html/live-preview/assets/css/bootstrap.min.css]
[laread.evmet.net/html/live-preview/assets/css/font-awesome.min.css]
[laread.evmet.net/html/live-preview/assets/css/jasny-bootstrap.min.css]
[laread.evmet.net/html/live-preview/assets/css/animate.css]
[laread.evmet.net/html/live-preview/assets/css/tomorrow-night.css]
[laread.evmet.net/html/live-preview/assets/css/bootstrap-gallery.css]
[laread.evmet.net/html/live-preview/assets/css/colorbox.css]
[laread.evmet.net/html/live-preview/assets/css/style.min.css]
[laread.evmet.net/html/live-preview/large-image-v1-2.html]
[laread.evmet.net/html/live-preview/assets/img/logo-light.png]
[laread.evmet.net/html/live-preview/large-image-v2-1.html]
[laread.evmet.net/html/live-preview/medium-image-v1-1.html]
[laread.evmet.net/html/live-preview/medium-image-v2-1.html]
[laread.evmet.net/html/live-preview/masonry-1.html]
[laread.evmet.net/html/live-preview/banner-v1.html]
[laread.evmet.net/html/live-preview/banner-v2.html]
[laread.evmet.net/html/live-preview/gallery-v1.html]
[laread.evmet.net/html/live-preview/gallery-v2.html]
[laread.evmet.net/html/live-preview/gallery-v3.html]
[laread.evmet.net/html/live-preview/gallery-v4.html]
[laread.evmet.net/html/live-preview/about-v1.html]
[laread.evmet.net/html/live-preview/about-v2.html]
[laread.evmet.net/html/live-preview/authors.html]
[laread.evmet.net/html/live-preview/author-detail.html]
[laread.evmet.net/html/live-preview/archive.html]
[laread.evmet.net/html/live-preview/contact-v1.html]
[laread.evmet.net/html/live-preview/contact-v2.html]
[laread.evmet.net/html/live-preview/404.html]
[laread.evmet.net/html/live-preview/newsletter.html]
[laread.evmet.net/html/live-preview/widget.html]
[laread.evmet.net/html/live-preview/typography-1.html]
[laread.evmet.net/html/live-preview/typography-2.html]
[laread.evmet.net/html/live-preview/typography-3.html]
[laread.evmet.net/html/live-preview/typography-4.html]
[laread.evmet.net/html/live-preview/shortcode-1.html]
[laread.evmet.net/html/live-preview/shortcode-2.html]
[laread.evmet.net/html/live-preview/shortcode-3.html]
[laread.evmet.net/html/live-preview/shortcode-4.html]
[laread.evmet.net/html/live-preview/assets/img/banner-40.jpg]
[laread.evmet.net/html/live-preview/assets/img/banner-41.jpg]
[laread.evmet.net/html/live-preview/assets/img/banner-42.jpg]
[laread.evmet.net/html/live-preview/assets/img/banner-43.jpg]
[laread.evmet.net/html/live-preview/assets/img/banner-44.jpg]
[laread.evmet.net/html/live-preview/assets/img/banner-45.jpg]
[laread.evmet.net/html/live-preview/assets/img/logo-black.png]
[laread.evmet.net/html/live-preview/assets/img/banner-85-1.jpg]
[laread.evmet.net/html/live-preview/assets/img/banner-85.jpg]
[laread.evmet.net/html/live-preview/assets/js/jquery.min.js]
[laread.evmet.net/html/live-preview/assets/js/bootstrap.min.js]
[laread.evmet.net/html/live-preview/assets/js/jasny-bootstrap.min.js]
[laread.evmet.net/html/live-preview/assets/js/prettify.js]
[laread.evmet.net/html/live-preview/assets/js/lang-css.js]
[laread.evmet.net/html/live-preview/assets/js/jquery.blueimp-gallery.min.js]
[laread.evmet.net/html/live-preview/assets/js/imagesloaded.js]
[laread.evmet.net/html/live-preview/assets/js/masonry.js]
[laread.evmet.net/html/live-preview/assets/js/viewportchecker.js]
[laread.evmet.net/html/live-preview/assets/js/isotope.pkgd.min.js]
[laread.evmet.net/html/live-preview/assets/js/calendar.js]
[laread.evmet.net/html/live-preview/assets/js/jquery.ellipsis.min.js]
[laread.evmet.net/html/live-preview/assets/js/classie.js]
[laread.evmet.net/html/live-preview/assets/js/modernizr.custom.js]
[laread.evmet.net/html/live-preview/assets/js/uiProgressButton.js]
[laread.evmet.net/html/live-preview/assets/js/jquery.dotdotdot.min.js]
[laread.evmet.net/html/live-preview/assets/js/jquery.colorbox-min.js]
[laread.evmet.net/html/live-preview/assets/js/jquery.nicescroll.min.js]
[laread.evmet.net/html/live-preview/assets/js/gmaps.js]
[laread.evmet.net/html/live-preview/assets/js/screenfull.js]
[laread.evmet.net/html/live-preview/assets/js/jquery.touchSwipe.min.js]
[laread.evmet.net/html/live-preview/assets/js/script.js]
[laread.evmet.net/html/live-preview/large-image-v1-1.html]
[laread.evmet.net/html/live-preview/assets/fonts/glyphicons-halflings-regular.eot]
[laread.evmet.net/html/live-preview/assets/fonts/glyphicons-halflings-regulard41d.eot]
[laread.evmet.net/html/live-preview/assets/fonts/glyphicons-halflings-regular.woff2]
[laread.evmet.net/html/live-preview/assets/fonts/glyphicons-halflings-regular.woff]
[laread.evmet.net/html/live-preview/assets/fonts/glyphicons-halflings-regular.ttf]
[laread.evmet.net/html/live-preview/assets/css/bootstrap.min.css]
[laread.evmet.net/html/live-preview/assets/fonts/fontawesome-webfont5b62.eot]
[laread.evmet.net/html/live-preview/assets/fonts/glyphicons-halflings-regular.svg]
[laread.evmet.net/html/live-preview/assets/fonts/fontawesome-webfontd41d.eot]
[laread.evmet.net/html/live-preview/assets/fonts/fontawesome-webfont5b62.woff2]
[laread.evmet.net/html/live-preview/assets/fonts/fontawesome-webfont5b62.woff]
[laread.evmet.net/html/live-preview/assets/fonts/fontawesome-webfont5b62.ttf]
[laread.evmet.net/html/live-preview/assets/css/font-awesome.min.css]
[laread.evmet.net/html/live-preview/assets/css/jasny-bootstrap.min.css]
[laread.evmet.net/html/live-preview/assets/css/animate.css]
[laread.evmet.net/html/live-preview/assets/css/tomorrow-night.css]
[laread.evmet.net/html/live-preview/assets/img/loading.gif]
[laread.evmet.net/html/live-preview/assets/fonts/fontawesome-webfont5b62.svg]
[laread.evmet.net/html/live-preview/assets/css/bootstrap-gallery.css]
[laread.evmet.net/html/live-preview/assets/img/play-pause.svg]
[laread.evmet.net/html/live-preview/assets/img/loading-colorbox.gif]
[laread.evmet.net/html/live-preview/assets/img/controls.png]
[laread.evmet.net/html/live-preview/assets/css/colorbox.css]
[laread.evmet.net/html/live-preview/assets/fonts/GoudyStM-webfont.eot]
[laread.evmet.net/html/live-preview/assets/fonts/GoudyStM-webfont.svg]
[laread.evmet.net/html/live-preview/assets/fonts/GoudyStM-webfontd41d.eot]
[laread.evmet.net/html/live-preview/assets/fonts/GoudyStM-webfont.woff]
[laread.evmet.net/html/live-preview/assets/fonts/GoudyStM-webfont.ttf]
[laread.evmet.net/html/live-preview/assets/fonts/Roboto-Regular-webfont.eot]
[laread.evmet.net/html/live-preview/assets/fonts/Roboto-Regular-webfont.svg]
[laread.evmet.net/html/live-preview/assets/fonts/Roboto-Regular-webfontd41d.eot]
[laread.evmet.net/html/live-preview/assets/fonts/Roboto-Regular-webfont.woff]
[laread.evmet.net/html/live-preview/assets/fonts/Roboto-Regular-webfont.ttf]
[laread.evmet.net/html/live-preview/assets/fonts/Roboto-Light-webfont.eot]
[laread.evmet.net/html/live-preview/assets/fonts/Roboto-Light-webfont.svg]
[laread.evmet.net/html/live-preview/assets/fonts/Roboto-Light-webfontd41d.eot]
[laread.evmet.net/html/live-preview/assets/fonts/Roboto-Light-webfont.woff]
[laread.evmet.net/html/live-preview/assets/fonts/Roboto-Light-webfont.ttf]
[laread.evmet.net/html/live-preview/assets/img/logo-white-qr.png]
[laread.evmet.net/html/live-preview/assets/img/logo-black-qr.png]
[laread.evmet.net/html/live-preview/assets/img/play.png]
[laread.evmet.net/html/live-preview/assets/img/divider.png]
[laread.evmet.net/html/live-preview/assets/img/evmet@2x.png]
[laread.evmet.net/html/live-preview/assets/img/logo-light@2x.png]
[laread.evmet.net/html/live-preview/assets/img/logo-white-qr@2x.png]
[laread.evmet.net/html/live-preview/assets/img/logo-black-qr@2x.png]
[laread.evmet.net/html/live-preview/assets/img/logo-black@2x.png]
[laread.evmet.net/html/live-preview/assets/css/style.min.css]
[laread.evmet.net/html/live-preview/large-image-v1-3.html]
[laread.evmet.net/html/live-preview/assets/img/banner-46.jpg]
[laread.evmet.net/html/live-preview/assets/css/style.css]
[laread.evmet.net/html/live-preview/assets/img/banner-47.jpg]
[laread.evmet.net/html/live-preview/assets/img/banner-48.jpg]
[laread.evmet.net/html/live-preview/assets/img/banner-49.jpg]
[laread.evmet.net/html/live-preview/assets/img/banner-211.jpg]
[laread.evmet.net/html/live-preview/assets/img/banner-96.jpg]
[laread.evmet.net/html/live-preview/large-image-v1-2.html]
[laread.evmet.net/html/live-preview/large-image-v2-2.html]
[laread.evmet.net/html/live-preview/assets/img/banner-3.jpg]
[laread.evmet.net/html/live-preview/assets/img/banner-191.jpg]
[laread.evmet.net/html/live-preview/large-image-v2-1.html]
[laread.evmet.net/html/live-preview/assets/img/banner-99.jpg]
[laread.evmet.net/html/live-preview/medium-image-v1-2.html]
[laread.evmet.net/html/live-preview/assets/img/banner-100.jpg]
[laread.evmet.net/html/live-preview/medium-image-v1-1.html]
[laread.evmet.net/html/live-preview/medium-image-v2-2.html]
[laread.evmet.net/html/live-preview/assets/img/banner-106.jpg]
[laread.evmet.net/html/live-preview/assets/img/banner-53.jpg]
[laread.evmet.net/html/live-preview/assets/img/banner-54.jpg]
[laread.evmet.net/html/live-preview/assets/img/banner-55.jpg]
[laread.evmet.net/html/live-preview/assets/img/banner-56.jpg]
[laread.evmet.net/html/live-preview/medium-image-v2-1.html]
[laread.evmet.net/html/live-preview/masonry-2.html]
[laread.evmet.net/html/live-preview/assets/img/banner-26.jpg]
[laread.evmet.net/html/live-preview/assets/img/banner-115.jpg]
[laread.evmet.net/html/live-preview/assets/img/banner-28.jpg]
[laread.evmet.net/html/live-preview/assets/img/banner-29.jpg]
[laread.evmet.net/html/live-preview/assets/img/banner-117.jpg]
[laread.evmet.net/html/live-preview/assets/img/banner-116.jpg]
[laread.evmet.net/html/live-preview/assets/img/banner-118.jpg]
[laread.evmet.net/html/live-preview/assets/img/banner-119.jpg]
[laread.evmet.net/html/live-preview/masonry-1.html]
[laread.evmet.net/html/live-preview/assets/img/banner-184.jpg]
[laread.evmet.net/html/live-preview/assets/img/banner-188.jpg]
[laread.evmet.net/html/live-preview/assets/img/banner-189.jpg]
[laread.evmet.net/html/live-preview/banner-v1.html]
[laread.evmet.net/html/live-preview/assets/img/logo.png]
[laread.evmet.net/html/live-preview/assets/img/banner-185.jpg]
[laread.evmet.net/html/live-preview/assets/img/banner-186.jpg]
[laread.evmet.net/html/live-preview/assets/img/banner-187.jpg]
[laread.evmet.net/html/live-preview/banner-v2.html]
[laread.evmet.net/html/live-preview/assets/img/banner-91.jpg]
[laread.evmet.net/html/live-preview/assets/img/gallery-01.jpg]
[laread.evmet.net/html/live-preview/assets/img/gallery-02.jpg]
[laread.evmet.net/html/live-preview/assets/img/gallery-03.jpg]
[laread.evmet.net/html/live-preview/assets/img/gallery-04.jpg]
[laread.evmet.net/html/live-preview/assets/img/gallery-05.jpg]
[laread.evmet.net/html/live-preview/assets/img/gallery-06.jpg]
[laread.evmet.net/html/live-preview/assets/img/gallery-07.jpg]
[laread.evmet.net/html/live-preview/assets/img/banner-1.jpg]
[laread.evmet.net/html/live-preview/assets/img/banner-2.jpg]
[laread.evmet.net/html/live-preview/assets/img/banner-4.jpg]
[laread.evmet.net/html/live-preview/assets/img/banner-5.jpg]
[laread.evmet.net/html/live-preview/gallery-v1.html]
[laread.evmet.net/html/live-preview/assets/img/banner-11.jpg]
[laread.evmet.net/html/live-preview/assets/img/banner-146.jpg]
[laread.evmet.net/html/live-preview/assets/img/banner-147.jpg]
[laread.evmet.net/html/live-preview/assets/img/banner-148.jpg]
[laread.evmet.net/html/live-preview/assets/img/banner-149.jpg]
[laread.evmet.net/html/live-preview/assets/img/banner-150.jpg]
[laread.evmet.net/html/live-preview/assets/img/banner-151.jpg]
[laread.evmet.net/html/live-preview/assets/img/banner-152.jpg]
[laread.evmet.net/html/live-preview/assets/img/banner-153.jpg]
[laread.evmet.net/html/live-preview/gallery-v2.html]
[laread.evmet.net/html/live-preview/assets/img/banner-154.jpg]
[laread.evmet.net/html/live-preview/assets/img/banner-155.jpg]
[laread.evmet.net/html/live-preview/assets/img/banner-156.jpg]
[laread.evmet.net/html/live-preview/assets/img/banner-157.jpg]
[laread.evmet.net/html/live-preview/gallery-v3.html]
[laread.evmet.net/html/live-preview/gallery-v4.html]
[laread.evmet.net/html/live-preview/about-v1.html]
[laread.evmet.net/html/live-preview/about-v2.html]
[laread.evmet.net/html/live-preview/authors.html]
[laread.evmet.net/html/live-preview/author-detail.html]
[laread.evmet.net/html/live-preview/archive.html]
[laread.evmet.net/html/live-preview/contact-v1.html]
[laread.evmet.net/html/live-preview/contact-v2.html]
[laread.evmet.net/html/live-preview/404.html]
[laread.evmet.net/html/live-preview/newsletter.html]
[laread.evmet.net/html/live-preview/widget.html]
[laread.evmet.net/html/live-preview/typography-1.html]
[laread.evmet.net/html/live-preview/typography-2.html]
[laread.evmet.net/html/live-preview/typography-3.html]
[laread.evmet.net/html/live-preview/typography-4.html]
[laread.evmet.net/html/live-preview/shortcode-1.html]
[laread.evmet.net/html/live-preview/shortcode-2.html]
[laread.evmet.net/html/live-preview/shortcode-3.html]
[laread.evmet.net/html/live-preview/shortcode-4.html]
[laread.evmet.net/html/live-preview/assets/fonts/glyphicons-halflings-regular.svg]
[laread.evmet.net/html/live-preview/assets/fonts/fontawesome-webfont5b62.svg]
[laread.evmet.net/html/live-preview/assets/img/play-pause.svg]
[laread.evmet.net/html/live-preview/assets/fonts/GoudyStM-webfont.svg]
[laread.evmet.net/html/live-preview/assets/fonts/Roboto-Regular-webfont.svg]
[laread.evmet.net/html/live-preview/assets/fonts/Roboto-Light-webfont.svg]
[laread.evmet.net/html/live-preview/assets/css/style.css]
[laread.evmet.net/html/live-preview/large-image-v1-3.html]
[laread.evmet.net/html/live-preview/large-image-v2-2.html]
[laread.evmet.net/html/live-preview/medium-image-v1-2.html]
[laread.evmet.net/html/live-preview/medium-image-v2-2.html]
[laread.evmet.net/html/live-preview/masonry-2.html]
[laread.evmet.net/html/live-preview/assets/img/error.html]
[laread.evmet.net/html/live-preview/assets/img/play-pause.html]
[laread.evmet.net/html/live-preview/assets/img/error-2.html]
[laread.evmet.net/html/live-preview/Trident/index.html]
[laread.evmet.net/html/live-preview/assets/img/banner-155.jpg]
[laread.evmet.net/html/live-preview/assets/img/banner-156.jpg]
[laread.evmet.net/html/live-preview/assets/img/banner-157.jpg]
[laread.evmet.net/html/live-preview/assets/img/banner-159.jpg]
[laread.evmet.net/html/live-preview/assets/img/banner-158.jpg]
[laread.evmet.net/html/live-preview/assets/img/banner-160.jpg]
[laread.evmet.net/html/live-preview/assets/img/banner-164-2.jpg]
[laread.evmet.net/html/live-preview/assets/img/banner-161.jpg]
[laread.evmet.net/html/live-preview/assets/img/banner-162.jpg]
[laread.evmet.net/html/live-preview/assets/img/banner-164.jpg]
[laread.evmet.net/html/live-preview/assets/img/banner-165.jpg]
[laread.evmet.net/html/live-preview/assets/img/banner-166.jpg]
[laread.evmet.net/html/live-preview/assets/img/banner-167.jpg]
[laread.evmet.net/html/live-preview/assets/img/banner-168.jpg]
[laread.evmet.net/html/live-preview/assets/img/banner-169.jpg]
[laread.evmet.net/html/live-preview/assets/img/banner-170.jpg]
[laread.evmet.net/html/live-preview/assets/img/banner-171.jpg]
[laread.evmet.net/html/live-preview/assets/img/banner-172.jpg]
[laread.evmet.net/html/live-preview/assets/img/banner-176.jpg]
[laread.evmet.net/html/live-preview/assets/img/banner-173.jpg]
[laread.evmet.net/html/live-preview/assets/img/banner-174.jpg]
[laread.evmet.net/html/live-preview/assets/img/banner-175.jpg]
[laread.evmet.net/html/live-preview/assets/img/banner-89.jpg]
[laread.evmet.net/html/live-preview/assets/img/banner-90.jpg]
[laread.evmet.net/html/live-preview/assets/img/banner-181.jpg]
[laread.evmet.net/html/live-preview/assets/img/banner-182.jpg]
[laread.evmet.net/html/live-preview/assets/img/banner-183.jpg]
[laread.evmet.net/html/live-preview/assets/js/jquery-2.1.3.min.js]
[laread.evmet.net/html/live-preview/assets/img/email_logo.jpg]
[laread.evmet.net/html/live-preview/assets/img/banner-190.jpg]
[laread.evmet.net/html/live-preview/assets/img/email_bottom_logo.png]
[laread.evmet.net/html/live-preview/assets/img/email-twitter.png]
[laread.evmet.net/html/live-preview/assets/img/email-facebook.png]
[laread.evmet.net/html/live-preview/assets/img/email-pinterest.png]
[laread.evmet.net/html/live-preview/assets/img/banner-39.jpg]
[laread.evmet.net/html/live-preview/assets/img/banner-31.jpg]
[laread.evmet.net/html/live-preview/assets/img/banner-32.jpg]
[laread.evmet.net/html/live-preview/assets/img/banner-33.jpg]
[laread.evmet.net/html/live-preview/assets/img/banner-34.jpg]
[laread.evmet.net/html/live-preview/assets/img/banner-35.jpg]
[laread.evmet.net/html/live-preview/assets/img/banner-36.jpg]
[laread.evmet.net/html/live-preview/assets/img/banner-37.jpg]
[laread.evmet.net/html/live-preview/assets/img/banner-35-2.jpg]
[laread.evmet.net/html/live-preview/assets/img/banner-35-3.jpg]
[laread.evmet.net/html/live-preview/assets/img/banner-38.jpg]
[laread.evmet.net/html/live-preview/assets/img/typography-1.jpg]
[laread.evmet.net/html/live-preview/assets/img/banner-80.jpg]
[laread.evmet.net/html/live-preview/assets/img/banner-82.jpg]
[laread.evmet.net/html/live-preview/assets/img/banner-83.jpg]
[laread.evmet.net/html/live-preview/assets/img/banner-84.jpg]
[laread.evmet.net/html/live-preview/assets/img/typography-2.jpg]
[laread.evmet.net/html/live-preview/assets/img/typography-3.jpg]
[laread.evmet.net/html/live-preview/assets/img/banner-193.jpg]
[laread.evmet.net/html/live-preview/assets/img/typography-4.jpg]
[laread.evmet.net/html/live-preview/assets/img/banner-86.jpg]
[platform.twitter.com/widgets.js]
[laread.evmet.net/html/live-preview/assets/img/home-office-1.jpg]
[laread.evmet.net/html/live-preview/assets/img/home-office-2.jpg]
[laread.evmet.net/html/live-preview/assets/img/home-office-3.jpg]
[laread.evmet.net/html/live-preview/assets/img/banner-channel.jpg]
[laread.evmet.net/html/live-preview/assets/img/banner-50.jpg]
[laread.evmet.net/html/live-preview/assets/img/banner-51.jpg]
[laread.evmet.net/html/live-preview/assets/img/banner-52.jpg]
[laread.evmet.net/html/live-preview/large-image-v2-3.html]
[laread.evmet.net/html/live-preview/assets/img/banner-111.jpg]
[laread.evmet.net/html/live-preview/medium-image-v1-3.html]
[laread.evmet.net/html/live-preview/assets/img/banner-102.jpg]
[laread.evmet.net/html/live-preview/assets/img/banner-103.jpg]
[laread.evmet.net/html/live-preview/assets/img/banner-104.jpg]
[laread.evmet.net/html/live-preview/assets/img/banner-101.jpg]
[laread.evmet.net/html/live-preview/medium-image-v2-3.html]
[laread.evmet.net/html/live-preview/assets/img/banner-57.jpg]
[laread.evmet.net/html/live-preview/assets/img/banner-58.jpg]
[laread.evmet.net/html/live-preview/assets/img/banner-59.jpg]
[laread.evmet.net/html/live-preview/assets/img/banner-179.jpg]
[laread.evmet.net/html/live-preview/assets/img/banner-61.jpg]
[laread.evmet.net/html/live-preview/assets/img/banner-62.jpg]
[laread.evmet.net/html/live-preview/assets/img/banner-63.jpg]
[laread.evmet.net/html/live-preview/masonry-3.html]
[laread.evmet.net/html/live-preview/assets/img/banner-120.jpg]
[laread.evmet.net/html/live-preview/assets/img/banner-121.jpg]
[laread.evmet.net/html/live-preview/assets/img/banner-122.jpg]
[laread.evmet.net/html/live-preview/assets/img/banner-123.jpg]
[laread.evmet.net/html/live-preview/assets/img/banner-123-1.jpg]
[laread.evmet.net/html/live-preview/assets/img/banner-123-2.jpg]
[laread.evmet.net/html/live-preview/assets/img/banner-123-3.jpg]
[laread.evmet.net/html/live-preview/assets/img/banner-70.jpg]
[laread.evmet.net/html/live-preview/assets/img/banner-124.jpg]
[laread.evmet.net/html/live-preview/assets/img/banner-125.jpg]
[laread.evmet.net/html/live-preview/assets/img/banner-71.jpg]
[laread.evmet.net/html/live-preview/assets/img/banner-126.jpg]
[laread.evmet.net/html/live-preview/assets/img/banner-127.jpg]
[laread.evmet.net/html/live-preview/assets/img/banner-128.jpg]
[laread.evmet.net/html/live-preview/assets/img/banner-192.jpg]
